// Jest Snapshot v1, https://goo.gl/fbAQLP

exports[`ClientDetailsList component matches snapshot 1`] = `
<DocumentFragment>
  <div
    class="MuiPaper-root MuiCard-root MuiPaper-elevation8 MuiPaper-rounded"
  >
    <div
      class="MuiCardHeader-root"
    >
      <div
        class="MuiCardHeader-content"
      >
        <span
          class="MuiTypography-root MuiCardHeader-title MuiTypography-h5 MuiTypography-displayBlock"
        >
          Transaction Accounts
        </span>
        <span
          class="MuiTypography-root MuiCardHeader-subheader MuiTypography-body1 MuiTypography-colorTextSecondary MuiTypography-displayBlock"
        >
          Username of people you have a transaction account with
        </span>
      </div>
    </div>
    <div
      class="MuiCardContent-root"
    >
      <ul
        class="MuiList-root MuiList-padding"
      >
        <li
          class="MuiListItem-container"
        >
          <div
            class="MuiListItem-root MuiListItem-gutters MuiListItem-secondaryAction"
          >
            <div
              class="MuiListItemAvatar-root"
            >
              <div
                class="MuiAvatar-root MuiAvatar-circle MuiAvatar-colorDefault"
              >
                <svg
                  aria-hidden="true"
                  class="MuiSvgIcon-root"
                  focusable="false"
                  viewBox="0 0 24 24"
                >
                  <path
                    d="M12 12c2.21 0 4-1.79 4-4s-1.79-4-4-4-4 1.79-4 4 1.79 4 4 4zm0 2c-2.67 0-8 1.34-8 4v2h16v-2c0-2.66-5.33-4-8-4z"
                  />
                </svg>
              </div>
            </div>
            <div
              class="MuiListItemText-root MuiListItemText-multiline"
            >
              <span
                class="MuiTypography-root MuiListItemText-primary MuiTypography-body1 MuiTypography-displayBlock"
              >
                client1
              </span>
              <p
                class="MuiTypography-root MuiListItemText-secondary MuiTypography-body2 MuiTypography-colorTextSecondary MuiTypography-displayBlock"
              >
                client1@email.com
              </p>
            </div>
          </div>
          <div
            class="MuiListItemSecondaryAction-root"
          >
            <a
              aria-disabled="false"
              aria-label="view transaction"
              class="MuiButtonBase-root MuiButton-root MuiButton-contained MuiButton-containedPrimary"
              edge="end"
              href="/transaction-details?clientEmail=client1%40email.com"
              tabindex="0"
            >
              <span
                class="MuiButton-label"
              >
                View
              </span>
              <span
                class="MuiTouchRipple-root"
              />
            </a>
            <button
              aria-label="delete account"
              class="MuiButtonBase-root MuiIconButton-root MuiIconButton-edgeEnd"
              tabindex="0"
              type="button"
            >
              <span
                class="MuiIconButton-label"
              >
                <svg
                  aria-hidden="true"
                  class="MuiSvgIcon-root"
                  focusable="false"
                  viewBox="0 0 24 24"
                >
                  <path
                    d="M6 19c0 1.1.9 2 2 2h8c1.1 0 2-.9 2-2V7H6v12zM19 4h-3.5l-1-1h-5l-1 1H5v2h14V4z"
                  />
                </svg>
              </span>
              <span
                class="MuiTouchRipple-root"
              />
            </button>
          </div>
        </li>
        <li
          class="MuiListItem-container"
        >
          <div
            class="MuiListItem-root MuiListItem-gutters MuiListItem-secondaryAction"
          >
            <div
              class="MuiListItemAvatar-root"
            >
              <div
                class="MuiAvatar-root MuiAvatar-circle MuiAvatar-colorDefault"
              >
                <svg
                  aria-hidden="true"
                  class="MuiSvgIcon-root"
                  focusable="false"
                  viewBox="0 0 24 24"
                >
                  <path
                    d="M12 12c2.21 0 4-1.79 4-4s-1.79-4-4-4-4 1.79-4 4 1.79 4 4 4zm0 2c-2.67 0-8 1.34-8 4v2h16v-2c0-2.66-5.33-4-8-4z"
                  />
                </svg>
              </div>
            </div>
            <div
              class="MuiListItemText-root MuiListItemText-multiline"
            >
              <span
                class="MuiTypography-root MuiListItemText-primary MuiTypography-body1 MuiTypography-displayBlock"
              >
                client2
              </span>
              <p
                class="MuiTypography-root MuiListItemText-secondary MuiTypography-body2 MuiTypography-colorTextSecondary MuiTypography-displayBlock"
              >
                client2@email.com
              </p>
            </div>
          </div>
          <div
            class="MuiListItemSecondaryAction-root"
          >
            <a
              aria-disabled="false"
              aria-label="view transaction"
              class="MuiButtonBase-root MuiButton-root MuiButton-contained MuiButton-containedPrimary"
              edge="end"
              href="/transaction-details?clientEmail=client2%40email.com"
              tabindex="0"
            >
              <span
                class="MuiButton-label"
              >
                View
              </span>
              <span
                class="MuiTouchRipple-root"
              />
            </a>
            <button
              aria-label="delete account"
              class="MuiButtonBase-root MuiIconButton-root MuiIconButton-edgeEnd"
              tabindex="0"
              type="button"
            >
              <span
                class="MuiIconButton-label"
              >
                <svg
                  aria-hidden="true"
                  class="MuiSvgIcon-root"
                  focusable="false"
                  viewBox="0 0 24 24"
                >
                  <path
                    d="M6 19c0 1.1.9 2 2 2h8c1.1 0 2-.9 2-2V7H6v12zM19 4h-3.5l-1-1h-5l-1 1H5v2h14V4z"
                  />
                </svg>
              </span>
              <span
                class="MuiTouchRipple-root"
              />
            </button>
          </div>
        </li>
      </ul>
    </div>
    <div
      class="MuiCardActions-root MuiCardActions-spacing"
    >
      <button
        class="MuiButtonBase-root MuiButton-root MuiButton-contained MuiButton-containedSizeSmall MuiButton-sizeSmall"
        tabindex="0"
        type="button"
      >
        <span
          class="MuiButton-label"
        >
          Add New Account
        </span>
        <span
          class="MuiTouchRipple-root"
        />
      </button>
    </div>
  </div>
</DocumentFragment>
`;
